# serializer version: 1
# name: test_all_parking_spaces
  list([
    DisabledParking(spot_id='7460', street='Steenwisch 105', limitation=None, number=1, longitude=9.946928367655032, latitude=53.58310925250252),
    DisabledParking(spot_id='7461', street='Langenfelder Damm 67', limitation=None, number=1, longitude=9.938008848629853, latitude=53.58105081830283),
    DisabledParking(spot_id='7462', street='Langenfelder Damm 80a', limitation=None, number=1, longitude=9.935971223239319, latitude=53.582530970209184),
    DisabledParking(spot_id='7463', street='Langenfelder Damm 91', limitation=None, number=1, longitude=9.93573271213673, latitude=53.582446224018476),
    DisabledParking(spot_id='7464', street='Stresemannstraße 318', limitation=None, number=1, longitude=9.9299854940711, latitude=53.563378917405764),
    DisabledParking(spot_id='7465', street='Bertrand-Russell-Straße 4', limitation=None, number=1, longitude=9.886326617358094, latitude=53.575552880265796),
    DisabledParking(spot_id='7466', street='Kiebitzstraße 44a', limitation=None, number=1, longitude=10.045029564340489, latitude=53.56500132834542),
    DisabledParking(spot_id='7467', street='Steintorplatz 2', limitation=None, number=1, longitude=10.008951895770426, latitude=53.55181415963955),
    DisabledParking(spot_id='7468', street='Steindamm 70', limitation=None, number=1, longitude=10.01523796793553, latitude=53.554727297628716),
    DisabledParking(spot_id='7469', street='Münzplatz 1', limitation=None, number=1, longitude=10.012553064840606, latitude=53.54923736617713),
  ])
# ---
# name: test_garages
  list([
    Garage(spot_id='1012', name='Suerhop', park_type='Parkplatz', disabled_parking_spaces=None, status='keine Auslastungsdaten', address=None, price=None, data_origin='HVV', free_space=None, capacity=20, availability_pct=None, longitude=9.854910321231317, latitude=53.315944994046816, updated_at=None),
    Garage(spot_id='1018', name='Dahlenburg', park_type='Straßenrand', disabled_parking_spaces=None, status='keine Auslastungsdaten', address=None, price=None, data_origin='HVV', free_space=None, capacity=6, availability_pct=None, longitude=10.70891715816324, latitude=53.16969724123711, updated_at=None),
    Garage(spot_id='1024', name='Ruschwedel', park_type='Straßenrand', disabled_parking_spaces=None, status='keine Auslastungsdaten', address=None, price=None, data_origin='HVV', free_space=None, capacity=6, availability_pct=None, longitude=9.559367386150887, latitude=53.446662778925074, updated_at=None),
    Garage(spot_id='1044', name='Echem', park_type='Parkplatz', disabled_parking_spaces=None, status='keine Auslastungsdaten', address=None, price=None, data_origin='HVV', free_space=None, capacity=18, availability_pct=None, longitude=10.53679025555922, latitude=53.33713455279623, updated_at=None),
    Garage(spot_id='1077', name='Tanneneck', park_type='Parkplatz', disabled_parking_spaces=None, status='keine Auslastungsdaten', address=None, price=None, data_origin='HVV', free_space=None, capacity=32, availability_pct=None, longitude=9.943234302538734, latitude=53.75551453553472, updated_at=None),
    Garage(spot_id='1094', name='Holstentherme', park_type='Parkplatz', disabled_parking_spaces=None, status='keine Auslastungsdaten', address=None, price=None, data_origin='HVV', free_space=None, capacity=None, availability_pct=None, longitude=9.945687641153029, latitude=53.83917387631545, updated_at=None),
    Garage(spot_id='1096', name='Kaltenkirchen Süd', park_type='Parkplatz', disabled_parking_spaces=None, status='keine Auslastungsdaten', address=None, price=None, data_origin='HVV', free_space=None, capacity=None, availability_pct=None, longitude=9.97323474361472, latitude=53.82324048644373, updated_at=None),
    Garage(spot_id='1097', name='dodenhof', park_type='Parkplatz', disabled_parking_spaces=None, status='keine Auslastungsdaten', address=None, price=None, data_origin='HVV', free_space=None, capacity=None, availability_pct=None, longitude=9.938193235695724, latitude=53.84447388984305, updated_at=None),
    Garage(spot_id='1106', name='Quickborner Straße', park_type='Parkplatz', disabled_parking_spaces=None, status='keine Auslastungsdaten', address=None, price=None, data_origin='HVV', free_space=None, capacity=22, availability_pct=None, longitude=9.989528817031388, latitude=53.7343090361397, updated_at=None),
    Garage(spot_id='1107', name='Richtweg', park_type='Straßenrand', disabled_parking_spaces=None, status='keine Auslastungsdaten', address=None, price=None, data_origin='HVV', free_space=None, capacity=20, availability_pct=None, longitude=9.990362195229995, latitude=53.695761978883716, updated_at=None),
  ])
# ---
# name: test_garages_live_data
  list([
    Garage(spot_id='10001', name='Alsterhaus', park_type='Parkhaus', disabled_parking_spaces=3, status='frei', address='Bei der Stadtwassermühle 16-20', price='Reguläres Parkentgelt 8:00 - 21:00 Uhr: 1. angef. Std. 4,00 EUR| je weitere Std. 4,00 EUR | Tageshöchstsatz: 28,00 EUR\nNachttarif 21:00 - 8:00 Uhr: 1. angef. Std. 1,50 EUR| je weitere Std. 1,50 EUR | Höchstsatz: 5,00 EUR', data_origin='BWVI_V', free_space=83, capacity=87, availability_pct=95.4, longitude=9.991765371268867, latitude=53.55266864038071, updated_at=datetime.datetime(2024, 2, 11, 3, 15, tzinfo=<DstTzInfo 'Europe/Berlin' CET+1:00:00 STD>)),
    Garage(spot_id='10002', name='Am Hauptbahnhof', park_type='Parkhaus', disabled_parking_spaces=2, status='frei', address='Borgesch 1', price='2,00 EUR/30min | Tageshöchstsatz 20,00 EUR| Nachttarif 1,50 EUR', data_origin='BWVI_V', free_space=341, capacity=547, availability_pct=62.3, longitude=10.00958322064467, latitude=53.55472284388092, updated_at=datetime.datetime(2024, 2, 11, 3, 15, tzinfo=<DstTzInfo 'Europe/Berlin' CET+1:00:00 STD>)),
    Garage(spot_id='10006', name='Parkhaus Stadthöfe (Bleichenhof)', park_type='Parkhaus', disabled_parking_spaces=2, status='frei', address='Große Bleichen 35', price='3,90 EUR/h|Tageshöchstsatz 32,00 EUR', data_origin='BWVI_V', free_space=216, capacity=590, availability_pct=36.6, longitude=9.986648065481441, latitude=53.55194593956319, updated_at=datetime.datetime(2024, 2, 11, 3, 15, tzinfo=<DstTzInfo 'Europe/Berlin' CET+1:00:00 STD>)),
    Garage(spot_id='10007', name='Radison Blu', park_type='Tiefgarage', disabled_parking_spaces=1, status='besetzt', address='Marseiller Straße 1', price='1. Std. 3,00 EUR|je weitere angef. Std. 3,00 EUR|Tagesentgelt 25,00 EUR\n', data_origin='BWVI_V', free_space=0, capacity=0, availability_pct=None, longitude=9.987726815763814, latitude=53.561135227527565, updated_at=datetime.datetime(2024, 2, 11, 3, 15, tzinfo=<DstTzInfo 'Europe/Berlin' CET+1:00:00 STD>)),
    Garage(spot_id='10010', name='Deichtorhallen', park_type='Parkplatz', disabled_parking_spaces=2, status='frei', address='Deichtorstraße 2', price='1 Stunde 2,00 EUR|Tageshöchstsatz 20,00 EUR|Nachttarif 22 - 6 Uhr 1,00 EUR', data_origin='BWVI_V', free_space=35, capacity=37, availability_pct=94.6, longitude=10.00496859112039, latitude=53.54689636607786, updated_at=datetime.datetime(2024, 2, 11, 3, 15, tzinfo=<DstTzInfo 'Europe/Berlin' CET+1:00:00 STD>)),
    Garage(spot_id='10011', name='Deutsch Japanisches Zentrum', park_type='Tiefgarage', disabled_parking_spaces=12, status='frei', address='Stadthausbrücke 1', price='Reguläres Parkentgelt: erste 30 Min. 1,50 EUR |zweite 30 Min. 1,50 EUR |Je weitere Std. 3,00 EUR |Tag (24 Std.) 22,00 EUR\nSondertarif (P-Card): erste 30 Min. 0,50 EUR |zweite 30 Min. 1,00 EUR |Je weitere Std. 1,50 EUR |Tag (24 Std.) 9,00 EUR', data_origin='BWVI_V', free_space=240, capacity=291, availability_pct=82.5, longitude=9.985204026496357, latitude=53.55121608632646, updated_at=datetime.datetime(2024, 2, 11, 3, 15, tzinfo=<DstTzInfo 'Europe/Berlin' CET+1:00:00 STD>)),
    Garage(spot_id='10012', name='Elbphilharmonie', park_type='Parkhaus', disabled_parking_spaces=23, status='frei', address='Platz der Deutschen Einheit 1', price='Parkbereich A Kurzparker (Ebenen OG1 – OG5): 1. Stunde 5,00 EUR|jede weitere Std. 5,00 EUR|Tageshöchstsatz 50,00 EUR & Parkbereich B (UG1 = „Hotel-Bereich“): 1. Stunde 6,00 EUR|jede weitere Std. 6,00 EUR|Tageshöchstsatz 50,00 EUR & Parkbereich C (EG = Umfahrung): 5 Minuten freie |Durchfahrt | je weitere 5 Minuten 1,00 EUR | Tageshöchstsatz 90,00 EUR', data_origin='BWVI_V', free_space=243, capacity=277, availability_pct=87.7, longitude=9.984820179727356, latitude=53.54130630618613, updated_at=datetime.datetime(2024, 2, 11, 3, 15, tzinfo=<DstTzInfo 'Europe/Berlin' CET+1:00:00 STD>)),
    Garage(spot_id='10013', name='Europa-Passage', park_type='Parkhaus', disabled_parking_spaces=31, status='frei', address='Hermannstraße 09 - 11', price='Reguläres Parkentgelt: 1. Std 2,50 EUR |jede weitere Std. 2,50 EUR |Tag (24 Std.) 16,00 EUR\nSondertarif (P-Card): 1. Std 2,00 EUR |jede weitere Std. 2,00 EUR |Tag (24 Std.) 12,00 EUR', data_origin='BWVI_V', free_space=670, capacity=700, availability_pct=95.7, longitude=9.99667711811397, latitude=53.551947553640574, updated_at=datetime.datetime(2024, 2, 11, 3, 15, tzinfo=<DstTzInfo 'Europe/Berlin' CET+1:00:00 STD>)),
    Garage(spot_id='10015', name='City-Parkhaus', park_type='Parkhaus', disabled_parking_spaces=None, status='frei', address='Gertrudenstraße 2', price='3,30 EUR/h|Tageshöchstsatz 20,00 EUR', data_origin='BWVI_V', free_space=378, capacity=1110, availability_pct=34.1, longitude=10.0007919727711, latitude=53.552931554513535, updated_at=datetime.datetime(2024, 2, 11, 3, 15, tzinfo=<DstTzInfo 'Europe/Berlin' CET+1:00:00 STD>)),
    Garage(spot_id='10016', name='Große Reichenstraße', park_type='Parkhaus', disabled_parking_spaces=3, status='frei', address='Große Reichenstraße 14', price='2,00 EUR/30min |Tageshöchstsatz 20,00 EUR|Nachttarif 1,50 EUR\n', data_origin='BWVI_V', free_space=441, capacity=965, availability_pct=45.7, longitude=9.996296605176623, latitude=53.54832020044909, updated_at=datetime.datetime(2024, 2, 11, 3, 15, tzinfo=<DstTzInfo 'Europe/Berlin' CET+1:00:00 STD>)),
  ])
# ---
# name: test_park_and_rides
  list([
    ParkAndRide(spot_id='3656903', name='Volksdorf', park_type='Parkhaus', address='Farmsener Landstraße 202, 22359 Hamburg', construction_year=None, public_transport_line='U1', disabled_parking_spaces=3, tickets={'day': '0', 'month': '0', 'year': '0'}, url=None, free_space=349, capacity=350, availability_pct=99.7, longitude=10.161686000000119, latitude=53.64966699999995, updated_at=datetime.datetime(2024, 2, 11, 0, 40, 56, tzinfo=<DstTzInfo 'Europe/Berlin' CET+1:00:00 STD>)),
    ParkAndRide(spot_id='3656904', name='Meiendorfer Weg', park_type='Parkhaus', address='Meiendorfer Weg 127, 22359 Hamburg', construction_year=None, public_transport_line='U1', disabled_parking_spaces=3, tickets={'day': '0', 'month': '0', 'year': '0'}, url=None, free_space=226, capacity=254, availability_pct=89.0, longitude=10.155718000000116, latitude=53.63889299999997, updated_at=datetime.datetime(2024, 2, 11, 2, 7, 48, tzinfo=<DstTzInfo 'Europe/Berlin' CET+1:00:00 STD>)),
    ParkAndRide(spot_id='3656905', name='Trabrennbahn', park_type='Parkplatz', address='Traberweg, 22159 Hamburg', construction_year='1966', public_transport_line='U1', disabled_parking_spaces=0, tickets={'day': '2', 'month': '20', 'year': '100'}, url='www.pr.hamburg', free_space=79, capacity=90, availability_pct=87.8, longitude=10.102240000000092, latitude=53.59862799999995, updated_at=datetime.datetime(2024, 2, 11, 0, 58, 6, tzinfo=<DstTzInfo 'Europe/Berlin' CET+1:00:00 STD>)),
    ParkAndRide(spot_id='3656906', name='Poppenbüttel', park_type='Parkplatz', address='Tennigkeitweg 1b, 22391 Hamburg', construction_year=None, public_transport_line='S1, S11', disabled_parking_spaces=3, tickets={'day': '0', 'month': '0', 'year': '0'}, url=None, free_space=75, capacity=90, availability_pct=83.3, longitude=10.092609000000087, latitude=53.65071799999995, updated_at=datetime.datetime(2024, 2, 11, 2, 18, 36, tzinfo=<DstTzInfo 'Europe/Berlin' CET+1:00:00 STD>)),
    ParkAndRide(spot_id='3656907', name='Poppenbüttel', park_type='Parkhaus', address='Stormarnplatz 3, 22393 Hamburg', construction_year=None, public_transport_line='S1, S11', disabled_parking_spaces=3, tickets={'day': '0', 'month': '0', 'year': '0'}, url=None, free_space=309, capacity=365, availability_pct=84.7, longitude=10.094348000000089, latitude=53.65207799999995, updated_at=datetime.datetime(2024, 2, 11, 3, 5, 59, tzinfo=<DstTzInfo 'Europe/Berlin' CET+1:00:00 STD>)),
    ParkAndRide(spot_id='3656908', name='Berne', park_type='Parkpalette', address='Berner Heerweg, 22159 Hamburg', construction_year=None, public_transport_line='U1', disabled_parking_spaces=4, tickets={'day': '0', 'month': '0', 'year': '0'}, url=None, free_space=153, capacity=187, availability_pct=81.8, longitude=10.139647000000108, latitude=53.62727899999995, updated_at=datetime.datetime(2024, 2, 11, 2, 59, 38, tzinfo=<DstTzInfo 'Europe/Berlin' CET+1:00:00 STD>)),
    ParkAndRide(spot_id='3656909', name='Steinfurther Allee', park_type='Parkhaus', address='Möllner Landstraße 217, 22117 Hamburg', construction_year=None, public_transport_line='U2', disabled_parking_spaces=3, tickets={'day': '0', 'month': '0', 'year': '0'}, url=None, free_space=337, capacity=345, availability_pct=97.7, longitude=10.13845800000011, latitude=53.541055999999955, updated_at=datetime.datetime(2024, 2, 11, 2, 10, 44, tzinfo=<DstTzInfo 'Europe/Berlin' CET+1:00:00 STD>)),
    ParkAndRide(spot_id='3656910', name='Rahlstedt', park_type='Parkhaus', address='Doberaner Weg 16, 22143 Hamburg', construction_year='2003', public_transport_line='RB81', disabled_parking_spaces=3, tickets={'day': '2', 'month': '20', 'year': '100'}, url='www.pr.hamburg', free_space=122, capacity=316, availability_pct=38.6, longitude=10.151751000000116, latitude=53.60431399999996, updated_at=datetime.datetime(2024, 1, 17, 12, 11, 22, tzinfo=<DstTzInfo 'Europe/Berlin' CET+1:00:00 STD>)),
    ParkAndRide(spot_id='3656911', name='Bergedorf', park_type='Parkhaus', address='Bergedorfer Strasse 85a, 21033 Hamburg', construction_year=None, public_transport_line='S2, S21', disabled_parking_spaces=4, tickets={'day': '0', 'month': '0', 'year': '0'}, url=None, free_space=359, capacity=403, availability_pct=89.1, longitude=10.203916000000143, latitude=53.48942299999997, updated_at=datetime.datetime(2024, 2, 11, 3, 10, 11, tzinfo=<DstTzInfo 'Europe/Berlin' CET+1:00:00 STD>)),
    ParkAndRide(spot_id='3656912', name='Nettelnburg Nord', park_type='Parkplatz', address='Friedrich Frank Bogen 109, 21033 Hamburg', construction_year=None, public_transport_line='S2, S21', disabled_parking_spaces=0, tickets={'day': '0', 'month': '0', 'year': '0'}, url=None, free_space=213, capacity=236, availability_pct=90.3, longitude=10.182725000000133, latitude=53.488834999999966, updated_at=datetime.datetime(2024, 2, 11, 1, 16, 26, tzinfo=<DstTzInfo 'Europe/Berlin' CET+1:00:00 STD>)),
  ])
# ---
