# serializer version: 1
# name: test_all_parking_spaces
  list([
    DisabledParking(spot_id='7460', street='Steenwisch 105', limitation=None, number=1, longitude=9.946928367655032, latitude=53.58310925250252),
    DisabledParking(spot_id='7461', street='Langenfelder Damm 67', limitation=None, number=1, longitude=9.938008848629853, latitude=53.58105081830283),
    DisabledParking(spot_id='7462', street='Langenfelder Damm 80a', limitation=None, number=1, longitude=9.935971223239319, latitude=53.582530970209184),
    DisabledParking(spot_id='7463', street='Langenfelder Damm 91', limitation=None, number=1, longitude=9.93573271213673, latitude=53.582446224018476),
    DisabledParking(spot_id='7464', street='Stresemannstraße 318', limitation=None, number=1, longitude=9.9299854940711, latitude=53.563378917405764),
    DisabledParking(spot_id='7465', street='Bertrand-Russell-Straße 4', limitation=None, number=1, longitude=9.886326617358094, latitude=53.575552880265796),
    DisabledParking(spot_id='7466', street='Kiebitzstraße 44a', limitation=None, number=1, longitude=10.045029564340489, latitude=53.56500132834542),
    DisabledParking(spot_id='7467', street='Steintorplatz 2', limitation=None, number=1, longitude=10.008951895770426, latitude=53.55181415963955),
    DisabledParking(spot_id='7468', street='Steindamm 70', limitation=None, number=1, longitude=10.01523796793553, latitude=53.554727297628716),
    DisabledParking(spot_id='7469', street='Münzplatz 1', limitation=None, number=1, longitude=10.012553064840606, latitude=53.54923736617713),
  ])
# ---
# name: test_garages
  list([
    Garage(spot_id='1107', name='Richtweg', park_type='Straßenrand', disabled_parking_spaces=None, status='keine Auslastungsdaten', address='None None', price=' ', data_origin='HVV', free_space=None, capacity=20, availability_pct=None, longitude=9.990362195229995, latitude=53.695761978883716, updated_at=None),
    Garage(spot_id='1110', name='Haslohfurth', park_type='Parkplatz', disabled_parking_spaces=None, status='keine Auslastungsdaten', address='None None', price=' ', data_origin='HVV', free_space=None, capacity=10, availability_pct=None, longitude=9.987101013707624, latitude=53.74433123095954, updated_at=None),
    Garage(spot_id='10001', name='Alsterhaus', park_type='Parkhaus', disabled_parking_spaces=3, status='frei', address='Bei der Stadtwassermühle 16-20', price='Reguläres Parkentgelt 8:00 - 21:00 Uhr: 1. angef. Std. 4,00 EUR| je weitere Std. 4,00 EUR | Tageshöchstsatz: 28,00 EUR\nNachttarif 21:00 - 8:00 Uhr: 1. angef. Std. 1,50 EUR| je weitere Std. 1,50 EUR | Höchstsatz: 5,00 EUR', data_origin='BWVI_V', free_space=0, capacity=0, availability_pct=None, longitude=9.991765371268867, latitude=53.55266864038071, updated_at=datetime.datetime(2023, 12, 13, 4, 12, tzinfo=<DstTzInfo 'Europe/Berlin' CET+1:00:00 STD>)),
    Garage(spot_id='10002', name='Am Hauptbahnhof', park_type='Parkhaus', disabled_parking_spaces=2, status='frei', address='Borgesch 1', price='2,00 EUR/30min | Tageshöchstsatz 20,00 EUR| Nachttarif 1,50 EUR', data_origin='BWVI_V', free_space=305, capacity=547, availability_pct=55.8, longitude=10.00958322064467, latitude=53.55472284388092, updated_at=datetime.datetime(2023, 12, 13, 4, 12, tzinfo=<DstTzInfo 'Europe/Berlin' CET+1:00:00 STD>)),
  ])
# ---
# name: test_garages_live_data
  list([
    Garage(spot_id='1107', name='Richtweg', park_type='Straßenrand', disabled_parking_spaces=None, status='keine Auslastungsdaten', address='None None', price=' ', data_origin='HVV', free_space=None, capacity=20, availability_pct=None, longitude=9.990362195229995, latitude=53.695761978883716, updated_at=None),
    Garage(spot_id='1110', name='Haslohfurth', park_type='Parkplatz', disabled_parking_spaces=None, status='keine Auslastungsdaten', address='None None', price=' ', data_origin='HVV', free_space=None, capacity=10, availability_pct=None, longitude=9.987101013707624, latitude=53.74433123095954, updated_at=None),
    Garage(spot_id='10001', name='Alsterhaus', park_type='Parkhaus', disabled_parking_spaces=3, status='frei', address='Bei der Stadtwassermühle 16-20', price='Reguläres Parkentgelt 8:00 - 21:00 Uhr: 1. angef. Std. 4,00 EUR| je weitere Std. 4,00 EUR | Tageshöchstsatz: 28,00 EUR\nNachttarif 21:00 - 8:00 Uhr: 1. angef. Std. 1,50 EUR| je weitere Std. 1,50 EUR | Höchstsatz: 5,00 EUR', data_origin='BWVI_V', free_space=0, capacity=0, availability_pct=None, longitude=9.991765371268867, latitude=53.55266864038071, updated_at=datetime.datetime(2023, 12, 13, 4, 12, tzinfo=<DstTzInfo 'Europe/Berlin' CET+1:00:00 STD>)),
    Garage(spot_id='10002', name='Am Hauptbahnhof', park_type='Parkhaus', disabled_parking_spaces=2, status='frei', address='Borgesch 1', price='2,00 EUR/30min | Tageshöchstsatz 20,00 EUR| Nachttarif 1,50 EUR', data_origin='BWVI_V', free_space=305, capacity=547, availability_pct=55.8, longitude=10.00958322064467, latitude=53.55472284388092, updated_at=datetime.datetime(2023, 12, 13, 4, 12, tzinfo=<DstTzInfo 'Europe/Berlin' CET+1:00:00 STD>)),
  ])
# ---
# name: test_park_and_rides
  list([
    ParkAndRide(spot_id='3111182', name='Volksdorf', park_type='Parkhaus', address='Farmsener Landstraße 202, 22359 Hamburg', construction_year=None, public_transport_line='U1', disabled_parking_spaces=3, tickets={'day': '0', 'month': '0', 'year': '0'}, url=None, free_space=334, capacity=350, availability_pct=95.4, longitude=10.161686000000119, latitude=53.64966699999995, updated_at=datetime.datetime(2023, 12, 13, 2, 58, 55, tzinfo=<DstTzInfo 'Europe/Berlin' CET+1:00:00 STD>)),
    ParkAndRide(spot_id='3111183', name='Meiendorfer Weg', park_type='Parkhaus', address='Meiendorfer Weg 127, 22359 Hamburg', construction_year=None, public_transport_line='U1', disabled_parking_spaces=3, tickets={'day': '0', 'month': '0', 'year': '0'}, url=None, free_space=234, capacity=254, availability_pct=92.1, longitude=10.155718000000116, latitude=53.63889299999997, updated_at=datetime.datetime(2023, 12, 13, 2, 58, 55, tzinfo=<DstTzInfo 'Europe/Berlin' CET+1:00:00 STD>)),
    ParkAndRide(spot_id='3111184', name='Trabrennbahn', park_type='Parkplatz', address='Traberweg, 22159 Hamburg', construction_year='1966', public_transport_line='U1', disabled_parking_spaces=0, tickets={'day': '2', 'month': '20', 'year': '100'}, url='www.pr.hamburg', free_space=74, capacity=90, availability_pct=82.2, longitude=10.102240000000092, latitude=53.59862799999995, updated_at=datetime.datetime(2023, 12, 13, 2, 58, 55, tzinfo=<DstTzInfo 'Europe/Berlin' CET+1:00:00 STD>)),
    ParkAndRide(spot_id='3111185', name='Poppenbüttel', park_type='Parkplatz', address='Tennigkeitweg 1b, 22391 Hamburg', construction_year=None, public_transport_line='S1, S11', disabled_parking_spaces=3, tickets={'day': '0', 'month': '0', 'year': '0'}, url=None, free_space=79, capacity=90, availability_pct=87.8, longitude=10.092609000000087, latitude=53.65071799999995, updated_at=datetime.datetime(2023, 12, 13, 2, 58, 55, tzinfo=<DstTzInfo 'Europe/Berlin' CET+1:00:00 STD>)),
    ParkAndRide(spot_id='3111186', name='Poppenbüttel', park_type='Parkhaus', address='Stormarnplatz 3, 22393 Hamburg', construction_year=None, public_transport_line='S1, S11', disabled_parking_spaces=3, tickets={'day': '0', 'month': '0', 'year': '0'}, url=None, free_space=327, capacity=365, availability_pct=89.6, longitude=10.094348000000089, latitude=53.65207799999995, updated_at=datetime.datetime(2023, 12, 13, 3, 27, 17, tzinfo=<DstTzInfo 'Europe/Berlin' CET+1:00:00 STD>)),
    ParkAndRide(spot_id='3111187', name='Berne', park_type='Parkpalette', address='Berner Heerweg, 22159 Hamburg', construction_year=None, public_transport_line='U1', disabled_parking_spaces=4, tickets={'day': '0', 'month': '0', 'year': '0'}, url=None, free_space=149, capacity=187, availability_pct=79.7, longitude=10.139647000000108, latitude=53.62727899999995, updated_at=datetime.datetime(2023, 12, 13, 2, 58, 55, tzinfo=<DstTzInfo 'Europe/Berlin' CET+1:00:00 STD>)),
    ParkAndRide(spot_id='3111188', name='Steinfurther Allee', park_type='Parkhaus', address='Möllner Landstraße 217, 22117 Hamburg', construction_year=None, public_transport_line='U2', disabled_parking_spaces=3, tickets={'day': '0', 'month': '0', 'year': '0'}, url=None, free_space=337, capacity=345, availability_pct=97.7, longitude=10.13845800000011, latitude=53.541055999999955, updated_at=datetime.datetime(2023, 12, 13, 2, 58, 55, tzinfo=<DstTzInfo 'Europe/Berlin' CET+1:00:00 STD>)),
    ParkAndRide(spot_id='3111189', name='Rahlstedt', park_type='Parkhaus', address='Doberaner Weg 16, 22143 Hamburg', construction_year='2003', public_transport_line='RB81', disabled_parking_spaces=3, tickets={'day': '2', 'month': '20', 'year': '100'}, url='www.pr.hamburg', free_space=235, capacity=316, availability_pct=74.4, longitude=10.151751000000116, latitude=53.60431399999996, updated_at=datetime.datetime(2023, 12, 13, 2, 58, 55, tzinfo=<DstTzInfo 'Europe/Berlin' CET+1:00:00 STD>)),
    ParkAndRide(spot_id='3111190', name='Bergedorf', park_type='Parkhaus', address='Bergedorfer Strasse 85a, 21033 Hamburg', construction_year=None, public_transport_line='S2, S21', disabled_parking_spaces=4, tickets={'day': '0', 'month': '0', 'year': '0'}, url=None, free_space=354, capacity=403, availability_pct=87.8, longitude=10.203916000000143, latitude=53.48942299999997, updated_at=datetime.datetime(2023, 12, 13, 3, 27, 7, tzinfo=<DstTzInfo 'Europe/Berlin' CET+1:00:00 STD>)),
    ParkAndRide(spot_id='3111191', name='Nettelnburg Nord', park_type='Parkplatz', address='Friedrich Frank Bogen 109, 21033 Hamburg', construction_year=None, public_transport_line='S2, S21', disabled_parking_spaces=0, tickets={'day': '0', 'month': '0', 'year': '0'}, url=None, free_space=207, capacity=236, availability_pct=87.7, longitude=10.182725000000133, latitude=53.488834999999966, updated_at=datetime.datetime(2023, 12, 13, 2, 58, 55, tzinfo=<DstTzInfo 'Europe/Berlin' CET+1:00:00 STD>)),
  ])
# ---
